Archive member included to satisfy reference by file (symbol)

/Applications/STM32CubeIDE.app/Contents/Eclipse/plugins/com.st.stm32cube.ide.mcu.externaltools.gnu-tools-for-stm32.13.3.rel1.macos64_1.0.0.202411102158/tools/bin/../lib/gcc/arm-none-eabi/13.3.1/../../../../arm-none-eabi/lib/thumb/v7e-m+fp/hard/libc_nano.a(libc_a-exit.o)
                              /Applications/STM32CubeIDE.app/Contents/Eclipse/plugins/com.st.stm32cube.ide.mcu.externaltools.gnu-tools-for-stm32.13.3.rel1.macos64_1.0.0.202411102158/tools/bin/../lib/gcc/arm-none-eabi/13.3.1/../../../../arm-none-eabi/lib/thumb/v7e-m+fp/hard/crt0.o (exit)
/Applications/STM32CubeIDE.app/Contents/Eclipse/plugins/com.st.stm32cube.ide.mcu.externaltools.gnu-tools-for-stm32.13.3.rel1.macos64_1.0.0.202411102158/tools/bin/../lib/gcc/arm-none-eabi/13.3.1/../../../../arm-none-eabi/lib/thumb/v7e-m+fp/hard/libc_nano.a(libc_a-findfp.o)
                              /Applications/STM32CubeIDE.app/Contents/Eclipse/plugins/com.st.stm32cube.ide.mcu.externaltools.gnu-tools-for-stm32.13.3.rel1.macos64_1.0.0.202411102158/tools/bin/../lib/gcc/arm-none-eabi/13.3.1/../../../../arm-none-eabi/lib/thumb/v7e-m+fp/hard/libc_nano.a(libc_a-exit.o) (__stdio_exit_handler)
/Applications/STM32CubeIDE.app/Contents/Eclipse/plugins/com.st.stm32cube.ide.mcu.externaltools.gnu-tools-for-stm32.13.3.rel1.macos64_1.0.0.202411102158/tools/bin/../lib/gcc/arm-none-eabi/13.3.1/../../../../arm-none-eabi/lib/thumb/v7e-m+fp/hard/libc_nano.a(libc_a-fwalk.o)
                              /Applications/STM32CubeIDE.app/Contents/Eclipse/plugins/com.st.stm32cube.ide.mcu.externaltools.gnu-tools-for-stm32.13.3.rel1.macos64_1.0.0.202411102158/tools/bin/../lib/gcc/arm-none-eabi/13.3.1/../../../../arm-none-eabi/lib/thumb/v7e-m+fp/hard/libc_nano.a(libc_a-findfp.o) (_fwalk_sglue)
/Applications/STM32CubeIDE.app/Contents/Eclipse/plugins/com.st.stm32cube.ide.mcu.externaltools.gnu-tools-for-stm32.13.3.rel1.macos64_1.0.0.202411102158/tools/bin/../lib/gcc/arm-none-eabi/13.3.1/../../../../arm-none-eabi/lib/thumb/v7e-m+fp/hard/libc_nano.a(libc_a-memset.o)
                              /Applications/STM32CubeIDE.app/Contents/Eclipse/plugins/com.st.stm32cube.ide.mcu.externaltools.gnu-tools-for-stm32.13.3.rel1.macos64_1.0.0.202411102158/tools/bin/../lib/gcc/arm-none-eabi/13.3.1/../../../../arm-none-eabi/lib/thumb/v7e-m+fp/hard/crt0.o (memset)
/Applications/STM32CubeIDE.app/Contents/Eclipse/plugins/com.st.stm32cube.ide.mcu.externaltools.gnu-tools-for-stm32.13.3.rel1.macos64_1.0.0.202411102158/tools/bin/../lib/gcc/arm-none-eabi/13.3.1/../../../../arm-none-eabi/lib/thumb/v7e-m+fp/hard/libc_nano.a(libc_a-errno.o)
                              ./Src/syscalls.o (__errno)
/Applications/STM32CubeIDE.app/Contents/Eclipse/plugins/com.st.stm32cube.ide.mcu.externaltools.gnu-tools-for-stm32.13.3.rel1.macos64_1.0.0.202411102158/tools/bin/../lib/gcc/arm-none-eabi/13.3.1/../../../../arm-none-eabi/lib/thumb/v7e-m+fp/hard/libc_nano.a(libc_a-init.o)
                              /Applications/STM32CubeIDE.app/Contents/Eclipse/plugins/com.st.stm32cube.ide.mcu.externaltools.gnu-tools-for-stm32.13.3.rel1.macos64_1.0.0.202411102158/tools/bin/../lib/gcc/arm-none-eabi/13.3.1/../../../../arm-none-eabi/lib/thumb/v7e-m+fp/hard/crt0.o (__libc_init_array)
/Applications/STM32CubeIDE.app/Contents/Eclipse/plugins/com.st.stm32cube.ide.mcu.externaltools.gnu-tools-for-stm32.13.3.rel1.macos64_1.0.0.202411102158/tools/bin/../lib/gcc/arm-none-eabi/13.3.1/../../../../arm-none-eabi/lib/thumb/v7e-m+fp/hard/libc_nano.a(libc_a-lock.o)
                              /Applications/STM32CubeIDE.app/Contents/Eclipse/plugins/com.st.stm32cube.ide.mcu.externaltools.gnu-tools-for-stm32.13.3.rel1.macos64_1.0.0.202411102158/tools/bin/../lib/gcc/arm-none-eabi/13.3.1/../../../../arm-none-eabi/lib/thumb/v7e-m+fp/hard/libc_nano.a(libc_a-findfp.o) (__retarget_lock_init_recursive)
/Applications/STM32CubeIDE.app/Contents/Eclipse/plugins/com.st.stm32cube.ide.mcu.externaltools.gnu-tools-for-stm32.13.3.rel1.macos64_1.0.0.202411102158/tools/bin/../lib/gcc/arm-none-eabi/13.3.1/../../../../arm-none-eabi/lib/thumb/v7e-m+fp/hard/libc_nano.a(libc_a-impure.o)
                              /Applications/STM32CubeIDE.app/Contents/Eclipse/plugins/com.st.stm32cube.ide.mcu.externaltools.gnu-tools-for-stm32.13.3.rel1.macos64_1.0.0.202411102158/tools/bin/../lib/gcc/arm-none-eabi/13.3.1/../../../../arm-none-eabi/lib/thumb/v7e-m+fp/hard/libc_nano.a(libc_a-errno.o) (_impure_ptr)
/Applications/STM32CubeIDE.app/Contents/Eclipse/plugins/com.st.stm32cube.ide.mcu.externaltools.gnu-tools-for-stm32.13.3.rel1.macos64_1.0.0.202411102158/tools/bin/../lib/gcc/arm-none-eabi/13.3.1/../../../../arm-none-eabi/lib/thumb/v7e-m+fp/hard/libc_nano.a(libc_a-mallocr.o)
[...]
Memory Configuration

Name             Origin             Length             Attributes
CCMRAM           0x10000000         0x00002000         xrw
RAM              0x20000000         0x0000a000         xrw
FLASH            0x08000000         0x00040000         xr
*default*        0x00000000         0xffffffff

Linker script and memory map

LOAD /Applications/STM32CubeIDE.app/Contents/Eclipse/plugins/com.st.stm32cube.ide.mcu.externaltools.gnu-tools-for-stm32.13.3.rel1.macos64_1.0.0.202411102158/tools/bin/../lib/gcc/arm-none-eabi/13.3.1/thumb/v7e-m+fp/hard/crti.o
LOAD /Applications/STM32CubeIDE.app/Contents/Eclipse/plugins/com.st.stm32cube.ide.mcu.externaltools.gnu-tools-for-stm32.13.3.rel1.macos64_1.0.0.202411102158/tools/bin/../lib/gcc/arm-none-eabi/13.3.1/thumb/v7e-m+fp/hard/crtbegin.o
LOAD /Applications/STM32CubeIDE.app/Contents/Eclipse/plugins/com.st.stm32cube.ide.mcu.externaltools.gnu-tools-for-stm32.13.3.rel1.macos64_1.0.0.202411102158/tools/bin/../lib/gcc/arm-none-eabi/13.3.1/../../../../arm-none-eabi/lib/thumb/v7e-m+fp/hard/crt0.o
LOAD ./Src/main.o
LOAD ./Src/serial.o
LOAD ./Src/syscalls.o
LOAD ./Src/sysmem.o
LOAD ./Startup/startup_stm32f303vctx.o
START GROUP
LOAD /Applications/STM32CubeIDE.app/Contents/Eclipse/plugins/com.st.stm32cube.ide.mcu.externaltools.gnu-tools-for-stm32.13.3.rel1.macos64_1.0.0.202411102158/tools/bin/../lib/gcc/arm-none-eabi/13.3.1/../../../../arm-none-eabi/lib/thumb/v7e-m+fp/hard/libc_nano.a
LOAD /Applications/STM32CubeIDE.app/Contents/Eclipse/plugins/com.st.stm32cube.ide.mcu.externaltools.gnu-tools-for-stm32.13.3.rel1.macos64_1.0.0.202411102158/tools/bin/../lib/gcc/arm-none-eabi/13.3.1/../../../../arm-none-eabi/lib/thumb/v7e-m+fp/hard/libm.a
END GROUP
START GROUP
LOAD /Applications/STM32CubeIDE.app/Contents/Eclipse/plugins/com.st.stm32cube.ide.mcu.externaltools.gnu-tools-for-stm32.13.3.rel1.macos64_1.0.0.202411102158/tools/bin/../lib/gcc/arm-none-eabi/13.3.1/thumb/v7e-m+fp/hard/libgcc.a
LOAD /Applications/STM32CubeIDE.app/Contents/Eclipse/plugins/com.st.stm32cube.ide.mcu.externaltools.gnu-tools-for-stm32.13.3.rel1.macos64_1.0.0.202411102158/tools/bin/../lib/gcc/arm-none-eabi/13.3.1/../../../../arm-none-eabi/lib/thumb/v7e-m+fp/hard/libc_nano.a
END GROUP
START GROUP
LOAD /Applications/STM32CubeIDE.app/Contents/Eclipse/plugins/com.st.stm32cube.ide.mcu.externaltools.gnu-tools-for-stm32.13.3.rel1.macos64_1.0.0.202411102158/tools/bin/../lib/gcc/arm-none-eabi/13.3.1/thumb/v7e-m+fp/hard/libgcc.a
LOAD /Applications/STM32CubeIDE.app/Contents/Eclipse/plugins/com.st.stm32cube.ide.mcu.externaltools.gnu-tools-for-stm32.13.3.rel1.macos64_1.0.0.202411102158/tools/bin/../lib/gcc/arm-none-eabi/13.3.1/../../../../arm-none-eabi/lib/thumb/v7e-m+fp/hard/libc_nano.a
LOAD /Applications/STM32CubeIDE.app/Contents/Eclipse/plugins/com.st.stm32cube.ide.mcu.externaltools.gnu-tools-for-stm32.13.3.rel1.macos64_1.0.0.202411102158/tools/bin/../lib/gcc/arm-none-eabi/13.3.1/../../../../arm-none-eabi/lib/thumb/v7e-m+fp/hard/libnosys.a
END GROUP
START GROUP
LOAD /Applications/STM32CubeIDE.app/Contents/Eclipse/plugins/com.st.stm32cube.ide.mcu.externaltools.gnu-tools-for-stm32.13.3.rel1.macos64_1.0.0.202411102158/tools/bin/../lib/gcc/arm-none-eabi/13.3.1/thumb/v7e-m+fp/hard/libgcc.a
LOAD /Applications/STM32CubeIDE.app/Contents/Eclipse/plugins/com.st.stm32cube.ide.mcu.externaltools.gnu-tools-for-stm32.13.3.rel1.macos64_1.0.0.202411102158/tools/bin/../lib/gcc/arm-none-eabi/13.3.1/../../../../arm-none-eabi/lib/thumb/v7e-m+fp/hard/libc_nano.a
LOAD /Applications/STM32CubeIDE.app/Contents/Eclipse/plugins/com.st.stm32cube.ide.mcu.externaltools.gnu-tools-for-stm32.13.3.rel1.macos64_1.0.0.202411102158/tools/bin/../lib/gcc/arm-none-eabi/13.3.1/../../../../arm-none-eabi/lib/thumb/v7e-m+fp/hard/libnosys.a
END GROUP
LOAD /Applications/STM32CubeIDE.app/Contents/Eclipse/plugins/com.st.stm32cube.ide.mcu.externaltools.gnu-tools-for-stm32.13.3.rel1.macos64_1.0.0.202411102158/tools/bin/../lib/gcc/arm-none-eabi/13.3.1/thumb/v7e-m+fp/hard/crtend.o
LOAD /Applications/STM32CubeIDE.app/Contents/Eclipse/plugins/com.st.stm32cube.ide.mcu.externaltools.gnu-tools-for-stm32.13.3.rel1.macos64_1.0.0.202411102158/tools/bin/../lib/gcc/arm-none-eabi/13.3.1/thumb/v7e-m+fp/hard/crtn.o
                0x2000a000                        _estack = (ORIGIN (RAM) + LENGTH (RAM))
                0x00000200                        _Min_Heap_Size = 0x200
                0x00000400                        _Min_Stack_Size = 0x400

.isr_vector     0x08000000      0x194
                0x08000000                        . = ALIGN (0x4)
 *(.isr_vector)
 .isr_vector    0x08000000      0x194 ./Startup/startup_stm32f303vctx.o
                0x08000000                g_pfnVectors
                0x08000194                        . = ALIGN (0x4)

.text           0x08000194      0x2f8
                0x08000194                        . = ALIGN (0x4)
 *(.text)
 .text          0x08000194       0x40 /Applications/STM32CubeIDE.app/Contents/Eclipse/plugins/com.st.stm32cube.ide.mcu.externaltools.gnu-tools-for-stm32.13.3.rel1.macos64_1.0.0.202411102158/tools/bin/../lib/gcc/arm-none-eabi/13.3.1/thumb/v7e-m+fp/hard/crtbegin.o
 *(.text*)
 .text.__NVIC_EnableIRQ
                0x080001d4       0x3c ./Src/main.o
 .text.__NVIC_SetPriority
                0x08000210       0x54 ./Src/main.o
 .text.UART_Init
                0x08000264       0x84 ./Src/main.o
                0x08000264                UART_Init
 .text.UART_SetRxCallback
                0x080002e8       0x40 ./Src/main.o
                0x080002e8                UART_SetRxCallback
 .text.UART_SendChar
                0x08000328       0x30 ./Src/main.o
                0x08000328                UART_SendChar
 .text.UART_SendString
                0x08000358       0x2a ./Src/main.o
                0x08000358                UART_SendString
 *fill*         0x08000382        0x2 
 .text.OnDataReceived
                0x08000384       0x2c ./Src/main.o
                0x08000384                OnDataReceived
 .text.main     0x080003b0       0x28 ./Src/main.o
                0x080003b0                main
 .text.Reset_Handler
                0x080003d8       0x50 ./Startup/startup_stm32f303vctx.o
                0x080003d8                Reset_Handler
 .text.Default_Handler
                0x08000428        0x2 ./Startup/startup_stm32f303vctx.o
                0x08000428                TIM1_BRK_TIM15_IRQHandler
                0x08000428                TIM8_CC_IRQHandler
                0x08000428                DebugMon_Handler
                0x08000428                DMA1_CH4_IRQHandler
                0x08000428                SPI4_IRQHandler
                0x08000428                TIM1_CC_IRQHandler
                0x08000428                HardFault_Handler
                0x08000428                USB_HP_IRQHandler
                0x08000428                I2C2_EV_EXTI24_IRQHandler
                0x08000428                SysTick_Handler
                0x08000428                USB_WKUP_EXTI_IRQHandler
                0x08000428                PVD_IRQHandler
                0x08000428                UART4_EXTI34_IRQHandler
                0x08000428                TAMP_STAMP_IRQHandler
                0x08000428                PendSV_Handler
                0x08000428                NMI_Handler
                0x08000428                EXTI3_IRQHandler
                0x08000428                I2C3_ER_IRQHandler
                0x08000428                TIM6_DACUNDER_IRQHandler
                0x08000428                USB_HP_CAN_TX_IRQHandler
                0x08000428                EXTI0_IRQHandler
                0x08000428                DMA2_CH1_IRQHandler
                0x08000428                TIM1_UP_TIM16_IRQHandler
                0x08000428                UsageFault_Handler
                0x08000428                ADC1_2_IRQHandler
                0x08000428                SPI1_IRQHandler
                0x08000428                CAN_SCE_IRQHandler
                0x08000428                DMA1_CH7_IRQHandler
                0x08000428                TIM8_UP_IRQHandler
                0x08000428                COMP456_IRQHandler
                0x08000428                DMA1_CH6_IRQHandler
                0x08000428                TIM20_TRG_COM_IRQHandler
                0x08000428                ADC3_IRQHandler
                0x08000428                TIM4_IRQHandler
                0x08000428                CAN_RX1_IRQHandler
                0x08000428                USART1_EXTI25_IRQHandler
                0x08000428                DMA2_CH5_IRQHandler
                0x08000428                I2C1_EV_EXTI23_IRQHandler
                0x08000428                DMA1_CH3_IRQHandler
                0x08000428                TIM3_IRQHandler
                0x08000428                RCC_IRQHandler
                0x08000428                TIM20_UP_IRQHandler
                0x08000428                Default_Handler
                0x08000428                EXTI15_10_IRQHandler
                0x08000428                USART2_EXTI26_IRQHandler
                0x08000428                USART3_EXTI28_IRQHandler
                0x08000428                TIM7_IRQHandler
                0x08000428                I2C3_EV_IRQHandler
                0x08000428                EXTI9_5_IRQHandler
                0x08000428                DMA1_CH2_IRQHandler
                0x08000428                RTC_WKUP_IRQHandler
                0x08000428                SPI2_IRQHandler
                0x08000428                DMA1_CH1_IRQHandler
                0x08000428                USB_LP_CAN_RX0_IRQHandler
                0x08000428                MemManage_Handler
                0x08000428                COMP123_IRQHandler
                0x08000428                SVC_Handler
                0x08000428                USB_LP_IRQHandler
                0x08000428                EXTI4_IRQHandler
                0x08000428                TIM1_TRG_COM_TIM17_IRQHandler
                0x08000428                ADC4_IRQHandler
                0x08000428                WWDG_IRQHandler
                0x08000428                TIM2_IRQHandler
                0x08000428                COMP7_IRQHandler
                0x08000428                EXTI1_IRQHandler
                0x08000428                RTCAlarm_IRQHandler
                0x08000428                UART5_EXTI35_IRQHandler
                0x08000428                TIM20_BRK_IRQHandler
                0x08000428                I2C2_ER_IRQHandler
                0x08000428                TIM8_BRK_IRQHandler
                0x08000428                FLASH_IRQHandler
                0x08000428                TIM20_CC_IRQHandler
                0x08000428                BusFault_Handler
                0x08000428                SPI3_IRQHandler
                0x08000428                DMA2_CH3_IRQHandler
                0x08000428                DMA2_CH2_IRQHandler
                0x08000428                I2C1_ER_IRQHandler
                0x08000428                FMC_IRQHandler
                0x08000428                DMA1_CH5_IRQHandler
                0x08000428                DMA2_CH4_IRQHandler
                0x08000428                USB_WKUP_IRQHandler
                0x08000428                EXTI2_TSC_IRQHandler
                0x08000428                TIM8_TRG_COM_IRQHandler
 *fill*         0x0800042a        0x2 
 .text.__libc_init_array
                0x0800042c       0x48 /Applications/STM32CubeIDE.app/Contents/Eclipse/plugins/com.st.stm32cube.ide.mcu.externaltools.gnu-tools-for-stm32.13.3.rel1.macos64_1.0.0.202411102158/tools/bin/../lib/gcc/arm-none-eabi/13.3.1/../../../../arm-none-eabi/lib/thumb/v7e-m+fp/hard/libc_nano.a(libc_a-init.o)
                0x0800042c                __libc_init_array
 *(.glue_7)
 .glue_7        0x08000474        0x0 linker stubs
 *(.glue_7t)
 .glue_7t       0x08000474        0x0 linker stubs
 *(.eh_frame)
 .eh_frame      0x08000474        0x0 /Applications/STM32CubeIDE.app/Contents/Eclipse/plugins/com.st.stm32cube.ide.mcu.externaltools.gnu-tools-for-stm32.13.3.rel1.macos64_1.0.0.202411102158/tools/bin/../lib/gcc/arm-none-eabi/13.3.1/thumb/v7e-m+fp/hard/crtbegin.o
 *(.init)
 .init          0x08000474        0x4 /Applications/STM32CubeIDE.app/Contents/Eclipse/plugins/com.st.stm32cube.ide.mcu.externaltools.gnu-tools-for-stm32.13.3.rel1.macos64_1.0.0.202411102158/tools/bin/../lib/gcc/arm-none-eabi/13.3.1/thumb/v7e-m+fp/hard/crti.o
                0x08000474                _init
 .init          0x08000478        0x8 /Applications/STM32CubeIDE.app/Contents/Eclipse/plugins/com.st.stm32cube.ide.mcu.externaltools.gnu-tools-for-stm32.13.3.rel1.macos64_1.0.0.202411102158/tools/bin/../lib/gcc/arm-none-eabi/13.3.1/thumb/v7e-m+fp/hard/crtn.o
 *(.fini)
 .fini          0x08000480        0x4 /Applications/STM32CubeIDE.app/Contents/Eclipse/plugins/com.st.stm32cube.ide.mcu.externaltools.gnu-tools-for-stm32.13.3.rel1.macos64_1.0.0.202411102158/tools/bin/../lib/gcc/arm-none-eabi/13.3.1/thumb/v7e-m+fp/hard/crti.o
                0x08000480                _fini
 .fini          0x08000484        0x8 /Applications/STM32CubeIDE.app/Contents/Eclipse/plugins/com.st.stm32cube.ide.mcu.externaltools.gnu-tools-for-stm32.13.3.rel1.macos64_1.0.0.202411102158/tools/bin/../lib/gcc/arm-none-eabi/13.3.1/thumb/v7e-m+fp/hard/crtn.o
                0x0800048c                        . = ALIGN (0x4)
                0x0800048c                        _etext = .

.vfp11_veneer   0x0800048c        0x0
 .vfp11_veneer  0x0800048c        0x0 linker stubs

.v4_bx          0x0800048c        0x0
 .v4_bx         0x0800048c        0x0 linker stubs

.iplt           0x0800048c        0x0
 .iplt          0x0800048c        0x0 /Applications/STM32CubeIDE.app/Contents/Eclipse/plugins/com.st.stm32cube.ide.mcu.externaltools.gnu-tools-for-stm32.13.3.rel1.macos64_1.0.0.202411102158/tools/bin/../lib/gcc/arm-none-eabi/13.3.1/thumb/v7e-m+fp/hard/crtbegin.o

.rodata         0x0800048c       0x3c
                0x0800048c                        . = ALIGN (0x4)
 *(.rodata)
 .rodata        0x0800048c       0x3c ./Src/main.o
 *(.rodata*)
                0x080004c8                        . = ALIGN (0x4)

.ARM.extab      0x080004c8        0x0
                0x080004c8                        . = ALIGN (0x4)
 *(.ARM.extab* .gnu.linkonce.armextab.*)
                0x080004c8                        . = ALIGN (0x4)

.ARM            0x080004c8        0x0
                0x080004c8                        . = ALIGN (0x4)
                0x080004c8                        __exidx_start = .
 *(.ARM.exidx*)
                0x080004c8                        __exidx_end = .
                0x080004c8                        . = ALIGN (0x4)

.preinit_array  0x080004c8        0x0
                0x080004c8                        . = ALIGN (0x4)
                0x080004c8                        PROVIDE (__preinit_array_start = .)
 *(.preinit_array*)
                0x080004c8                        PROVIDE (__preinit_array_end = .)
                0x080004c8                        . = ALIGN (0x4)

.init_array     0x080004c8        0x4
                0x080004c8                        . = ALIGN (0x4)
                0x080004c8                        PROVIDE (__init_array_start = .)
 *(SORT_BY_NAME(.init_array.*))
 *(.init_array*)
 .init_array    0x080004c8        0x4 /Applications/STM32CubeIDE.app/Contents/Eclipse/plugins/com.st.stm32cube.ide.mcu.externaltools.gnu-tools-for-stm32.13.3.rel1.macos64_1.0.0.202411102158/tools/bin/../lib/gcc/arm-none-eabi/13.3.1/thumb/v7e-m+fp/hard/crtbegin.o
                0x080004cc                        PROVIDE (__init_array_end = .)
                0x080004cc                        . = ALIGN (0x4)

.fini_array     0x080004cc        0x4
                0x080004cc                        . = ALIGN (0x4)
                [!provide]                        PROVIDE (__fini_array_start = .)
 *(SORT_BY_NAME(.fini_array.*))
 *(.fini_array*)
 .fini_array    0x080004cc        0x4 /Applications/STM32CubeIDE.app/Contents/Eclipse/plugins/com.st.stm32cube.ide.mcu.externaltools.gnu-tools-for-stm32.13.3.rel1.macos64_1.0.0.202411102158/tools/bin/../lib/gcc/arm-none-eabi/13.3.1/thumb/v7e-m+fp/hard/crtbegin.o
                [!provide]                        PROVIDE (__fini_array_end = .)
                0x080004d0                        . = ALIGN (0x4)
                0x080004d0                        _sidata = LOADADDR (.data)

.rel.dyn        0x080004d0        0x0
 .rel.iplt      0x080004d0        0x0 /Applications/STM32CubeIDE.app/Contents/Eclipse/plugins/com.st.stm32cube.ide.mcu.externaltools.gnu-tools-for-stm32.13.3.rel1.macos64_1.0.0.202411102158/tools/bin/../lib/gcc/arm-none-eabi/13.3.1/thumb/v7e-m+fp/hard/crtbegin.o

.data           0x20000000        0x4 load address 0x080004d0
                0x20000000                        . = ALIGN (0x4)
                0x20000000                        _sdata = .
 *(.data)
 *(.data*)
 .data.terminator
                0x20000000        0x1 ./Src/main.o
 *(.RamFunc)
 *(.RamFunc*)
                0x20000004                        . = ALIGN (0x4)
 *fill*         0x20000001        0x3 
                0x20000004                        _edata = .
                0x080004d4                        _siccmram = LOADADDR (.ccmram)

.igot.plt       0x20000004        0x0 load address 0x080004d4
 .igot.plt      0x20000004        0x0 /Applications/STM32CubeIDE.app/Contents/Eclipse/plugins/com.st.stm32cube.ide.mcu.externaltools.gnu-tools-for-stm32.13.3.rel1.macos64_1.0.0.202411102158/tools/bin/../lib/gcc/arm-none-eabi/13.3.1/thumb/v7e-m+fp/hard/crtbegin.o

.ccmram         0x10000000        0x0 load address 0x080004d4
                0x10000000                        . = ALIGN (0x4)
                0x10000000                        _sccmram = .
 *(.ccmram)
 *(.ccmram*)
                0x10000000                        . = ALIGN (0x4)
                0x10000000                        _eccmram = .
                0x10000000                        . = ALIGN (0x4)

.bss            0x20000004       0x28
                0x20000004                        _sbss = .
                0x20000004                        __bss_start__ = _sbss
 *(.bss)
 .bss           0x20000004       0x1c /Applications/STM32CubeIDE.app/Contents/Eclipse/plugins/com.st.stm32cube.ide.mcu.externaltools.gnu-tools-for-stm32.13.3.rel1.macos64_1.0.0.202411102158/tools/bin/../lib/gcc/arm-none-eabi/13.3.1/thumb/v7e-m+fp/hard/crtbegin.o
 *(.bss*)
 .bss.rx_complete_callback
                0x20000020        0x4 ./Src/main.o
                0x20000020                rx_complete_callback
 .bss.active_buffer
                0x20000024        0x1 ./Src/main.o
 *fill*         0x20000025        0x3 
 .bss.rx_position
                0x20000028        0x4 ./Src/main.o
 *(COMMON)
                0x2000002c                        . = ALIGN (0x4)
                0x2000002c                        _ebss = .
                0x2000002c                        __bss_end__ = _ebss

._user_heap_stack
                0x2000002c      0x604
                0x20000030                        . = ALIGN (0x8)
 *fill*         0x2000002c        0x4 
                [!provide]                        PROVIDE (end = .)
                0x20000030                        PROVIDE (_end = .)
                0x20000230                        . = (. + _Min_Heap_Size)
 *fill*         0x20000030      0x200 
                0x20000630                        . = (. + _Min_Stack_Size)
 *fill*         0x20000230      0x400 
                0x20000630                        . = ALIGN (0x8)

/DISCARD/
 libc.a(*)
 libm.a(*)
 libgcc.a(*)

.ARM.attributes
                0x00000000       0x30
 *(.ARM.attributes)
 .ARM.attributes
                0x00000000       0x22 /Applications/STM32CubeIDE.app/Contents/Eclipse/plugins/com.st.stm32cube.ide.mcu.externaltools.gnu-tools-for-stm32.13.3.rel1.macos64_1.0.0.202411102158/tools/bin/../lib/gcc/arm-none-eabi/13.3.1/thumb/v7e-m+fp/hard/crti.o
 .ARM.attributes
                0x00000022       0x34 /Applications/STM32CubeIDE.app/Contents/Eclipse/plugins/com.st.stm32cube.ide.mcu.externaltools.gnu-tools-for-stm32.13.3.rel1.macos64_1.0.0.202411102158/tools/bin/../lib/gcc/arm-none-eabi/13.3.1/thumb/v7e-m+fp/hard/crtbegin.o
 .ARM.attributes
                0x00000056       0x34 ./Src/main.o
 .ARM.attributes
                0x0000008a       0x21 ./Startup/startup_stm32f303vctx.o
 .ARM.attributes
                0x000000ab       0x34 /Applications/STM32CubeIDE.app/Contents/Eclipse/plugins/com.st.stm32cube.ide.mcu.externaltools.gnu-tools-for-stm32.13.3.rel1.macos64_1.0.0.202411102158/tools/bin/../lib/gcc/arm-none-eabi/13.3.1/../../../../arm-none-eabi/lib/thumb/v7e-m+fp/hard/libc_nano.a(libc_a-init.o)
 .ARM.attributes
                0x000000df       0x22 /Applications/STM32CubeIDE.app/Contents/Eclipse/plugins/com.st.stm32cube.ide.mcu.externaltools.gnu-tools-for-stm32.13.3.rel1.macos64_1.0.0.202411102158/tools/bin/../lib/gcc/arm-none-eabi/13.3.1/thumb/v7e-m+fp/hard/crtn.o
OUTPUT(Debug.elf elf32-littlearm)
LOAD linker stubs
LOAD /Applications/STM32CubeIDE.app/Contents/Eclipse/plugins/com.st.stm32cube.ide.mcu.externaltools.gnu-tools-for-stm32.13.3.rel1.macos64_1.0.0.202411102158/tools/bin/../lib/gcc/arm-none-eabi/13.3.1/../../../../arm-none-eabi/lib/thumb/v7e-m+fp/hard/libc.a
LOAD /Applications/STM32CubeIDE.app/Contents/Eclipse/plugins/com.st.stm32cube.ide.mcu.externaltools.gnu-tools-for-stm32.13.3.rel1.macos64_1.0.0.202411102158/tools/bin/../lib/gcc/arm-none-eabi/13.3.1/../../../../arm-none-eabi/lib/thumb/v7e-m+fp/hard/libm.a
LOAD /Applications/STM32CubeIDE.app/Contents/Eclipse/plugins/com.st.stm32cube.ide.mcu.externaltools.gnu-tools-for-stm32.13.3.rel1.macos64_1.0.0.202411102158/tools/bin/../lib/gcc/arm-none-eabi/13.3.1/thumb/v7e-m+fp/hard/libgcc.a

.debug_info     0x00000000      0xa22
 .debug_info    0x00000000      0x9f2 ./Src/main.o
 .debug_info    0x000009f2       0x30 ./Startup/startup_stm32f303vctx.o

.debug_abbrev   0x00000000      0x224
 .debug_abbrev  0x00000000      0x200 ./Src/main.o
 .debug_abbrev  0x00000200       0x24 ./Startup/startup_stm32f303vctx.o

.debug_aranges  0x00000000       0x88
 .debug_aranges
                0x00000000       0x60 ./Src/main.o
 .debug_aranges
                0x00000060       0x28 ./Startup/startup_stm32f303vctx.o

.debug_rnglists
                0x00000000       0x5e
 .debug_rnglists
                0x00000000       0x45 ./Src/main.o
 .debug_rnglists
                0x00000045       0x19 ./Startup/startup_stm32f303vctx.o

.debug_macro    0x00000000    0x14e5e
 .debug_macro   0x00000000       0xd8 ./Src/main.o
 .debug_macro   0x000000d8      0xae4 ./Src/main.o
 .debug_macro   0x00000bbc       0x22 ./Src/main.o
 .debug_macro   0x00000bde       0x8e ./Src/main.o
 .debug_macro   0x00000c6c       0x51 ./Src/main.o
 .debug_macro   0x00000cbd      0x103 ./Src/main.o
 .debug_macro   0x00000dc0       0x6a ./Src/main.o
 .debug_macro   0x00000e2a      0x1df ./Src/main.o
 .debug_macro   0x00001009      0x190 ./Src/main.o
 .debug_macro   0x00001199       0x28 ./Src/main.o
 .debug_macro   0x000011c1       0x1c ./Src/main.o
 .debug_macro   0x000011dd       0x22 ./Src/main.o
 .debug_macro   0x000011ff       0xd9 ./Src/main.o
 .debug_macro   0x000012d8     0x102d ./Src/main.o
 .debug_macro   0x00002305      0x11f ./Src/main.o
 .debug_macro   0x00002424    0x12a3a ./Src/main.o

.debug_line     0x00000000      0x64a
 .debug_line    0x00000000      0x5cf ./Src/main.o
 .debug_line    0x000005cf       0x7b ./Startup/startup_stm32f303vctx.o

.debug_str      0x00000000    0x72a24
 .debug_str     0x00000000    0x72a24 ./Src/main.o
                              0x72d11 (size before relaxing)
 .debug_str     0x00072a24       0x76 ./Startup/startup_stm32f303vctx.o

.comment        0x00000000       0x43
 .comment       0x00000000       0x43 ./Src/main.o
                                 0x44 (size before relaxing)

.debug_frame    0x00000000      0x188
 .debug_frame   0x00000000      0x15c ./Src/main.o
 .debug_frame   0x0000015c       0x2c /Applications/STM32CubeIDE.app/Contents/Eclipse/plugins/com.st.stm32cube.ide.mcu.externaltools.gnu-tools-for-stm32.13.3.rel1.macos64_1.0.0.202411102158/tools/bin/../lib/gcc/arm-none-eabi/13.3.1/../../../../arm-none-eabi/lib/thumb/v7e-m+fp/hard/libc_nano.a(libc_a-init.o)

.debug_line_str
                0x00000000       0x5a
 .debug_line_str
                0x00000000       0x5a ./Startup/startup_stm32f303vctx.o
