Archive member included to satisfy reference by file (symbol)

C:/Download or School/School/UNI_SEM_4/STM32CubeIDE_1.18.0/STM32CubeIDE/plugins/com.st.stm32cube.ide.mcu.externaltools.gnu-tools-for-stm32.13.3.rel1.win32_1.0.0.202411081344/tools/bin/../lib/gcc/arm-none-eabi/13.3.1/../../../../arm-none-eabi/lib/thumb/v7e-m+fp/hard\libc_nano.a(libc_a-exit.o)
                              C:/Download or School/School/UNI_SEM_4/STM32CubeIDE_1.18.0/STM32CubeIDE/plugins/com.st.stm32cube.ide.mcu.externaltools.gnu-tools-for-stm32.13.3.rel1.win32_1.0.0.202411081344/tools/bin/../lib/gcc/arm-none-eabi/13.3.1/../../../../arm-none-eabi/lib/thumb/v7e-m+fp/hard/crt0.o (exit)
C:/Download or School/School/UNI_SEM_4/STM32CubeIDE_1.18.0/STM32CubeIDE/plugins/com.st.stm32cube.ide.mcu.externaltools.gnu-tools-for-stm32.13.3.rel1.win32_1.0.0.202411081344/tools/bin/../lib/gcc/arm-none-eabi/13.3.1/../../../../arm-none-eabi/lib/thumb/v7e-m+fp/hard\libc_nano.a(libc_a-findfp.o)
                              C:/Download or School/School/UNI_SEM_4/STM32CubeIDE_1.18.0/STM32CubeIDE/plugins/com.st.stm32cube.ide.mcu.externaltools.gnu-tools-for-stm32.13.3.rel1.win32_1.0.0.202411081344/tools/bin/../lib/gcc/arm-none-eabi/13.3.1/../../../../arm-none-eabi/lib/thumb/v7e-m+fp/hard\libc_nano.a(libc_a-exit.o) (__stdio_exit_handler)
C:/Download or School/School/UNI_SEM_4/STM32CubeIDE_1.18.0/STM32CubeIDE/plugins/com.st.stm32cube.ide.mcu.externaltools.gnu-tools-for-stm32.13.3.rel1.win32_1.0.0.202411081344/tools/bin/../lib/gcc/arm-none-eabi/13.3.1/../../../../arm-none-eabi/lib/thumb/v7e-m+fp/hard\libc_nano.a(libc_a-fwalk.o)
                              C:/Download or School/School/UNI_SEM_4/STM32CubeIDE_1.18.0/STM32CubeIDE/plugins/com.st.stm32cube.ide.mcu.externaltools.gnu-tools-for-stm32.13.3.rel1.win32_1.0.0.202411081344/tools/bin/../lib/gcc/arm-none-eabi/13.3.1/../../../../arm-none-eabi/lib/thumb/v7e-m+fp/hard\libc_nano.a(libc_a-findfp.o) (_fwalk_sglue)
C:/Download or School/School/UNI_SEM_4/STM32CubeIDE_1.18.0/STM32CubeIDE/plugins/com.st.stm32cube.ide.mcu.externaltools.gnu-tools-for-stm32.13.3.rel1.win32_1.0.0.202411081344/tools/bin/../lib/gcc/arm-none-eabi/13.3.1/../../../../arm-none-eabi/lib/thumb/v7e-m+fp/hard\libc_nano.a(libc_a-stdio.o)
                              C:/Download or School/School/UNI_SEM_4/STM32CubeIDE_1.18.0/STM32CubeIDE/plugins/com.st.stm32cube.ide.mcu.externaltools.gnu-tools-for-stm32.13.3.rel1.win32_1.0.0.202411081344/tools/bin/../lib/gcc/arm-none-eabi/13.3.1/../../../../arm-none-eabi/lib/thumb/v7e-m+fp/hard\libc_nano.a(libc_a-findfp.o) (__sread)
C:/Download or School/School/UNI_SEM_4/STM32CubeIDE_1.18.0/STM32CubeIDE/plugins/com.st.stm32cube.ide.mcu.externaltools.gnu-tools-for-stm32.13.3.rel1.win32_1.0.0.202411081344/tools/bin/../lib/gcc/arm-none-eabi/13.3.1/../../../../arm-none-eabi/lib/thumb/v7e-m+fp/hard\libc_nano.a(libc_a-memset.o)
                              C:/Download or School/School/UNI_SEM_4/STM32CubeIDE_1.18.0/STM32CubeIDE/plugins/com.st.stm32cube.ide.mcu.externaltools.gnu-tools-for-stm32.13.3.rel1.win32_1.0.0.202411081344/tools/bin/../lib/gcc/arm-none-eabi/13.3.1/../../../../arm-none-eabi/lib/thumb/v7e-m+fp/hard/crt0.o (memset)
C:/Download or School/School/UNI_SEM_4/STM32CubeIDE_1.18.0/STM32CubeIDE/plugins/com.st.stm32cube.ide.mcu.externaltools.gnu-tools-for-stm32.13.3.rel1.win32_1.0.0.202411081344/tools/bin/../lib/gcc/arm-none-eabi/13.3.1/../../../../arm-none-eabi/lib/thumb/v7e-m+fp/hard\libc_nano.a(libc_a-closer.o)
                              C:/Download or School/School/UNI_SEM_4/STM32CubeIDE_1.18.0/STM32CubeIDE/plugins/com.st.stm32cube.ide.mcu.externaltools.gnu-tools-for-stm32.13.3.rel1.win32_1.0.0.202411081344/tools/bin/../lib/gcc/arm-none-eabi/13.3.1/../../../../arm-none-eabi/lib/thumb/v7e-m+fp/hard\libc_nano.a(libc_a-stdio.o) (_close_r)
C:/Download or School/School/UNI_SEM_4/STM32CubeIDE_1.18.0/STM32CubeIDE/plugins/com.st.stm32cube.ide.mcu.externaltools.gnu-tools-for-stm32.13.3.rel1.win32_1.0.0.202411081344/tools/bin/../lib/gcc/arm-none-eabi/13.3.1/../../../../arm-none-eabi/lib/thumb/v7e-m+fp/hard\libc_nano.a(libc_a-reent.o)
                              C:/Download or School/School/UNI_SEM_4/STM32CubeIDE_1.18.0/STM32CubeIDE/plugins/com.st.stm32cube.ide.mcu.externaltools.gnu-tools-for-stm32.13.3.rel1.win32_1.0.0.202411081344/tools/bin/../lib/gcc/arm-none-eabi/13.3.1/../../../../arm-none-eabi/lib/thumb/v7e-m+fp/hard\libc_nano.a(libc_a-closer.o) (errno)
C:/Download or School/School/UNI_SEM_4/STM32CubeIDE_1.18.0/STM32CubeIDE/plugins/com.st.stm32cube.ide.mcu.externaltools.gnu-tools-for-stm32.13.3.rel1.win32_1.0.0.202411081344/tools/bin/../lib/gcc/arm-none-eabi/13.3.1/../../../../arm-none-eabi/lib/thumb/v7e-m+fp/hard\libc_nano.a(libc_a-impure.o)
[...]
Memory Configuration

Name             Origin             Length             Attributes
CCMRAM           0x10000000         0x00002000         xrw
RAM              0x20000000         0x0000a000         xrw
FLASH            0x08000000         0x00040000         xr
*default*        0x00000000         0xffffffff

Linker script and memory map

LOAD C:/Download or School/School/UNI_SEM_4/STM32CubeIDE_1.18.0/STM32CubeIDE/plugins/com.st.stm32cube.ide.mcu.externaltools.gnu-tools-for-stm32.13.3.rel1.win32_1.0.0.202411081344/tools/bin/../lib/gcc/arm-none-eabi/13.3.1/thumb/v7e-m+fp/hard/crti.o
LOAD C:/Download or School/School/UNI_SEM_4/STM32CubeIDE_1.18.0/STM32CubeIDE/plugins/com.st.stm32cube.ide.mcu.externaltools.gnu-tools-for-stm32.13.3.rel1.win32_1.0.0.202411081344/tools/bin/../lib/gcc/arm-none-eabi/13.3.1/thumb/v7e-m+fp/hard/crtbegin.o
LOAD C:/Download or School/School/UNI_SEM_4/STM32CubeIDE_1.18.0/STM32CubeIDE/plugins/com.st.stm32cube.ide.mcu.externaltools.gnu-tools-for-stm32.13.3.rel1.win32_1.0.0.202411081344/tools/bin/../lib/gcc/arm-none-eabi/13.3.1/../../../../arm-none-eabi/lib/thumb/v7e-m+fp/hard/crt0.o
LOAD ./Src/main.o
LOAD ./Src/serial.o
LOAD ./Src/syscalls.o
LOAD ./Src/sysmem.o
LOAD ./Startup/startup_stm32f303vctx.o
START GROUP
LOAD C:/Download or School/School/UNI_SEM_4/STM32CubeIDE_1.18.0/STM32CubeIDE/plugins/com.st.stm32cube.ide.mcu.externaltools.gnu-tools-for-stm32.13.3.rel1.win32_1.0.0.202411081344/tools/bin/../lib/gcc/arm-none-eabi/13.3.1/../../../../arm-none-eabi/lib/thumb/v7e-m+fp/hard\libc_nano.a
LOAD C:/Download or School/School/UNI_SEM_4/STM32CubeIDE_1.18.0/STM32CubeIDE/plugins/com.st.stm32cube.ide.mcu.externaltools.gnu-tools-for-stm32.13.3.rel1.win32_1.0.0.202411081344/tools/bin/../lib/gcc/arm-none-eabi/13.3.1/../../../../arm-none-eabi/lib/thumb/v7e-m+fp/hard\libm.a
END GROUP
START GROUP
LOAD C:/Download or School/School/UNI_SEM_4/STM32CubeIDE_1.18.0/STM32CubeIDE/plugins/com.st.stm32cube.ide.mcu.externaltools.gnu-tools-for-stm32.13.3.rel1.win32_1.0.0.202411081344/tools/bin/../lib/gcc/arm-none-eabi/13.3.1/thumb/v7e-m+fp/hard\libgcc.a
LOAD C:/Download or School/School/UNI_SEM_4/STM32CubeIDE_1.18.0/STM32CubeIDE/plugins/com.st.stm32cube.ide.mcu.externaltools.gnu-tools-for-stm32.13.3.rel1.win32_1.0.0.202411081344/tools/bin/../lib/gcc/arm-none-eabi/13.3.1/../../../../arm-none-eabi/lib/thumb/v7e-m+fp/hard\libc_nano.a
END GROUP
START GROUP
LOAD C:/Download or School/School/UNI_SEM_4/STM32CubeIDE_1.18.0/STM32CubeIDE/plugins/com.st.stm32cube.ide.mcu.externaltools.gnu-tools-for-stm32.13.3.rel1.win32_1.0.0.202411081344/tools/bin/../lib/gcc/arm-none-eabi/13.3.1/thumb/v7e-m+fp/hard\libgcc.a
LOAD C:/Download or School/School/UNI_SEM_4/STM32CubeIDE_1.18.0/STM32CubeIDE/plugins/com.st.stm32cube.ide.mcu.externaltools.gnu-tools-for-stm32.13.3.rel1.win32_1.0.0.202411081344/tools/bin/../lib/gcc/arm-none-eabi/13.3.1/../../../../arm-none-eabi/lib/thumb/v7e-m+fp/hard\libc_nano.a
LOAD C:/Download or School/School/UNI_SEM_4/STM32CubeIDE_1.18.0/STM32CubeIDE/plugins/com.st.stm32cube.ide.mcu.externaltools.gnu-tools-for-stm32.13.3.rel1.win32_1.0.0.202411081344/tools/bin/../lib/gcc/arm-none-eabi/13.3.1/../../../../arm-none-eabi/lib/thumb/v7e-m+fp/hard\libnosys.a
END GROUP
START GROUP
LOAD C:/Download or School/School/UNI_SEM_4/STM32CubeIDE_1.18.0/STM32CubeIDE/plugins/com.st.stm32cube.ide.mcu.externaltools.gnu-tools-for-stm32.13.3.rel1.win32_1.0.0.202411081344/tools/bin/../lib/gcc/arm-none-eabi/13.3.1/thumb/v7e-m+fp/hard\libgcc.a
LOAD C:/Download or School/School/UNI_SEM_4/STM32CubeIDE_1.18.0/STM32CubeIDE/plugins/com.st.stm32cube.ide.mcu.externaltools.gnu-tools-for-stm32.13.3.rel1.win32_1.0.0.202411081344/tools/bin/../lib/gcc/arm-none-eabi/13.3.1/../../../../arm-none-eabi/lib/thumb/v7e-m+fp/hard\libc_nano.a
LOAD C:/Download or School/School/UNI_SEM_4/STM32CubeIDE_1.18.0/STM32CubeIDE/plugins/com.st.stm32cube.ide.mcu.externaltools.gnu-tools-for-stm32.13.3.rel1.win32_1.0.0.202411081344/tools/bin/../lib/gcc/arm-none-eabi/13.3.1/../../../../arm-none-eabi/lib/thumb/v7e-m+fp/hard\libnosys.a
END GROUP
LOAD C:/Download or School/School/UNI_SEM_4/STM32CubeIDE_1.18.0/STM32CubeIDE/plugins/com.st.stm32cube.ide.mcu.externaltools.gnu-tools-for-stm32.13.3.rel1.win32_1.0.0.202411081344/tools/bin/../lib/gcc/arm-none-eabi/13.3.1/thumb/v7e-m+fp/hard/crtend.o
LOAD C:/Download or School/School/UNI_SEM_4/STM32CubeIDE_1.18.0/STM32CubeIDE/plugins/com.st.stm32cube.ide.mcu.externaltools.gnu-tools-for-stm32.13.3.rel1.win32_1.0.0.202411081344/tools/bin/../lib/gcc/arm-none-eabi/13.3.1/thumb/v7e-m+fp/hard/crtn.o
                0x2000a000                        _estack = (ORIGIN (RAM) + LENGTH (RAM))
                0x00000200                        _Min_Heap_Size = 0x200
                0x00000400                        _Min_Stack_Size = 0x400

.isr_vector     0x08000000      0x194
                0x08000000                        . = ALIGN (0x4)
 *(.isr_vector)
 .isr_vector    0x08000000      0x194 ./Startup/startup_stm32f303vctx.o
                0x08000000                g_pfnVectors
                0x08000194                        . = ALIGN (0x4)

.text           0x08000194      0x35c
                0x08000194                        . = ALIGN (0x4)
 *(.text)
 .text          0x08000194       0x40 C:/Download or School/School/UNI_SEM_4/STM32CubeIDE_1.18.0/STM32CubeIDE/plugins/com.st.stm32cube.ide.mcu.externaltools.gnu-tools-for-stm32.13.3.rel1.win32_1.0.0.202411081344/tools/bin/../lib/gcc/arm-none-eabi/13.3.1/thumb/v7e-m+fp/hard/crtbegin.o
 *(.text*)
 .text.finished_transmission
                0x080001d4       0x34 ./Src/main.o
                0x080001d4                finished_transmission
 .text.main     0x08000208       0x40 ./Src/main.o
                0x08000208                main
 .text.SerialInitialise
                0x08000248       0xfc ./Src/serial.o
                0x08000248                SerialInitialise
 .text.SerialOutputChar
                0x08000344       0x32 ./Src/serial.o
                0x08000344                SerialOutputChar
 .text.SerialOutputString
                0x08000376       0x40 ./Src/serial.o
                0x08000376                SerialOutputString
 .text.SerialInputChar
                0x080003b6       0x2e ./Src/serial.o
                0x080003b6                SerialInputChar
 .text.SerialInputString
                0x080003e4       0x56 ./Src/serial.o
                0x080003e4                SerialInputString
 *fill*         0x0800043a        0x2 
 .text.Reset_Handler
                0x0800043c       0x50 ./Startup/startup_stm32f303vctx.o
                0x0800043c                Reset_Handler
 .text.Default_Handler
                0x0800048c        0x2 ./Startup/startup_stm32f303vctx.o
                0x0800048c                TIM8_TRG_COM_IRQHandler
                0x0800048c                TIM8_CC_IRQHandler
                0x0800048c                DebugMon_Handler
                0x0800048c                DMA1_CH4_IRQHandler
                0x0800048c                SPI4_IRQHandler
                0x0800048c                TIM1_CC_IRQHandler
                0x0800048c                HardFault_Handler
                0x0800048c                USB_HP_IRQHandler
                0x0800048c                I2C2_EV_EXTI24_IRQHandler
                0x0800048c                SysTick_Handler
                0x0800048c                USB_WKUP_EXTI_IRQHandler
                0x0800048c                PVD_IRQHandler
                0x0800048c                UART4_EXTI34_IRQHandler
                0x0800048c                TAMP_STAMP_IRQHandler
                0x0800048c                PendSV_Handler
                0x0800048c                NMI_Handler
                0x0800048c                EXTI3_IRQHandler
                0x0800048c                I2C3_ER_IRQHandler
                0x0800048c                TIM6_DACUNDER_IRQHandler
                0x0800048c                USB_HP_CAN_TX_IRQHandler
                0x0800048c                EXTI0_IRQHandler
                0x0800048c                DMA2_CH1_IRQHandler
                0x0800048c                TIM1_UP_TIM16_IRQHandler
                0x0800048c                UsageFault_Handler
                0x0800048c                ADC1_2_IRQHandler
                0x0800048c                SPI1_IRQHandler
                0x0800048c                CAN_SCE_IRQHandler
                0x0800048c                DMA1_CH7_IRQHandler
                0x0800048c                TIM8_UP_IRQHandler
                0x0800048c                COMP456_IRQHandler
                0x0800048c                DMA1_CH6_IRQHandler
                0x0800048c                TIM20_TRG_COM_IRQHandler
                0x0800048c                ADC3_IRQHandler
                0x0800048c                TIM4_IRQHandler
                0x0800048c                CAN_RX1_IRQHandler
                0x0800048c                USART1_EXTI25_IRQHandler
                0x0800048c                DMA2_CH5_IRQHandler
                0x0800048c                I2C1_EV_EXTI23_IRQHandler
                0x0800048c                DMA1_CH3_IRQHandler
                0x0800048c                TIM3_IRQHandler
                0x0800048c                RCC_IRQHandler
                0x0800048c                TIM20_UP_IRQHandler
                0x0800048c                Default_Handler
                0x0800048c                EXTI15_10_IRQHandler
                0x0800048c                USART2_EXTI26_IRQHandler
                0x0800048c                USART3_EXTI28_IRQHandler
                0x0800048c                TIM7_IRQHandler
                0x0800048c                I2C3_EV_IRQHandler
                0x0800048c                EXTI9_5_IRQHandler
                0x0800048c                DMA1_CH2_IRQHandler
                0x0800048c                RTC_WKUP_IRQHandler
                0x0800048c                SPI2_IRQHandler
                0x0800048c                DMA1_CH1_IRQHandler
                0x0800048c                USB_LP_CAN_RX0_IRQHandler
                0x0800048c                MemManage_Handler
                0x0800048c                COMP123_IRQHandler
                0x0800048c                SVC_Handler
                0x0800048c                USB_LP_IRQHandler
                0x0800048c                EXTI4_IRQHandler
                0x0800048c                TIM1_TRG_COM_TIM17_IRQHandler
                0x0800048c                ADC4_IRQHandler
                0x0800048c                WWDG_IRQHandler
                0x0800048c                TIM2_IRQHandler
                0x0800048c                COMP7_IRQHandler
                0x0800048c                EXTI1_IRQHandler
                0x0800048c                RTCAlarm_IRQHandler
                0x0800048c                UART5_EXTI35_IRQHandler
                0x0800048c                TIM20_BRK_IRQHandler
                0x0800048c                I2C2_ER_IRQHandler
                0x0800048c                TIM8_BRK_IRQHandler
                0x0800048c                FLASH_IRQHandler
                0x0800048c                TIM20_CC_IRQHandler
                0x0800048c                BusFault_Handler
                0x0800048c                SPI3_IRQHandler
                0x0800048c                DMA2_CH3_IRQHandler
                0x0800048c                DMA2_CH2_IRQHandler
                0x0800048c                I2C1_ER_IRQHandler
                0x0800048c                FMC_IRQHandler
                0x0800048c                DMA1_CH5_IRQHandler
                0x0800048c                DMA2_CH4_IRQHandler
                0x0800048c                USB_WKUP_IRQHandler
                0x0800048c                EXTI2_TSC_IRQHandler
                0x0800048c                TIM1_BRK_TIM15_IRQHandler
 *fill*         0x0800048e        0x2 
 .text.__libc_init_array
                0x08000490       0x48 C:/Download or School/School/UNI_SEM_4/STM32CubeIDE_1.18.0/STM32CubeIDE/plugins/com.st.stm32cube.ide.mcu.externaltools.gnu-tools-for-stm32.13.3.rel1.win32_1.0.0.202411081344/tools/bin/../lib/gcc/arm-none-eabi/13.3.1/../../../../arm-none-eabi/lib/thumb/v7e-m+fp/hard\libc_nano.a(libc_a-init.o)
                0x08000490                __libc_init_array
 *(.glue_7)
 .glue_7        0x080004d8        0x0 linker stubs
 *(.glue_7t)
 .glue_7t       0x080004d8        0x0 linker stubs
 *(.eh_frame)
 .eh_frame      0x080004d8        0x0 C:/Download or School/School/UNI_SEM_4/STM32CubeIDE_1.18.0/STM32CubeIDE/plugins/com.st.stm32cube.ide.mcu.externaltools.gnu-tools-for-stm32.13.3.rel1.win32_1.0.0.202411081344/tools/bin/../lib/gcc/arm-none-eabi/13.3.1/thumb/v7e-m+fp/hard/crtbegin.o
 *(.init)
 .init          0x080004d8        0x4 C:/Download or School/School/UNI_SEM_4/STM32CubeIDE_1.18.0/STM32CubeIDE/plugins/com.st.stm32cube.ide.mcu.externaltools.gnu-tools-for-stm32.13.3.rel1.win32_1.0.0.202411081344/tools/bin/../lib/gcc/arm-none-eabi/13.3.1/thumb/v7e-m+fp/hard/crti.o
                0x080004d8                _init
 .init          0x080004dc        0x8 C:/Download or School/School/UNI_SEM_4/STM32CubeIDE_1.18.0/STM32CubeIDE/plugins/com.st.stm32cube.ide.mcu.externaltools.gnu-tools-for-stm32.13.3.rel1.win32_1.0.0.202411081344/tools/bin/../lib/gcc/arm-none-eabi/13.3.1/thumb/v7e-m+fp/hard/crtn.o
 *(.fini)
 .fini          0x080004e4        0x4 C:/Download or School/School/UNI_SEM_4/STM32CubeIDE_1.18.0/STM32CubeIDE/plugins/com.st.stm32cube.ide.mcu.externaltools.gnu-tools-for-stm32.13.3.rel1.win32_1.0.0.202411081344/tools/bin/../lib/gcc/arm-none-eabi/13.3.1/thumb/v7e-m+fp/hard/crti.o
                0x080004e4                _fini
 .fini          0x080004e8        0x8 C:/Download or School/School/UNI_SEM_4/STM32CubeIDE_1.18.0/STM32CubeIDE/plugins/com.st.stm32cube.ide.mcu.externaltools.gnu-tools-for-stm32.13.3.rel1.win32_1.0.0.202411081344/tools/bin/../lib/gcc/arm-none-eabi/13.3.1/thumb/v7e-m+fp/hard/crtn.o
                0x080004f0                        . = ALIGN (0x4)
                0x080004f0                        _etext = .

.vfp11_veneer   0x080004f0        0x0
 .vfp11_veneer  0x080004f0        0x0 linker stubs

.v4_bx          0x080004f0        0x0
 .v4_bx         0x080004f0        0x0 linker stubs

.iplt           0x080004f0        0x0
 .iplt          0x080004f0        0x0 C:/Download or School/School/UNI_SEM_4/STM32CubeIDE_1.18.0/STM32CubeIDE/plugins/com.st.stm32cube.ide.mcu.externaltools.gnu-tools-for-stm32.13.3.rel1.win32_1.0.0.202411081344/tools/bin/../lib/gcc/arm-none-eabi/13.3.1/thumb/v7e-m+fp/hard/crtbegin.o

.rodata         0x080004f0       0x34
                0x080004f0                        . = ALIGN (0x4)
 *(.rodata)
 .rodata        0x080004f0       0x32 ./Src/main.o
 *(.rodata*)
                0x08000524                        . = ALIGN (0x4)
 *fill*         0x08000522        0x2 

.ARM.extab      0x08000524        0x0
                0x08000524                        . = ALIGN (0x4)
 *(.ARM.extab* .gnu.linkonce.armextab.*)
                0x08000524                        . = ALIGN (0x4)

.ARM            0x08000524        0x0
                0x08000524                        . = ALIGN (0x4)
                0x08000524                        __exidx_start = .
 *(.ARM.exidx*)
                0x08000524                        __exidx_end = .
                0x08000524                        . = ALIGN (0x4)

.preinit_array  0x08000524        0x0
                0x08000524                        . = ALIGN (0x4)
                0x08000524                        PROVIDE (__preinit_array_start = .)
 *(.preinit_array*)
                0x08000524                        PROVIDE (__preinit_array_end = .)
                0x08000524                        . = ALIGN (0x4)

.init_array     0x08000524        0x4
                0x08000524                        . = ALIGN (0x4)
                0x08000524                        PROVIDE (__init_array_start = .)
 *(SORT_BY_NAME(.init_array.*))
 *(.init_array*)
 .init_array    0x08000524        0x4 C:/Download or School/School/UNI_SEM_4/STM32CubeIDE_1.18.0/STM32CubeIDE/plugins/com.st.stm32cube.ide.mcu.externaltools.gnu-tools-for-stm32.13.3.rel1.win32_1.0.0.202411081344/tools/bin/../lib/gcc/arm-none-eabi/13.3.1/thumb/v7e-m+fp/hard/crtbegin.o
                0x08000528                        PROVIDE (__init_array_end = .)
                0x08000528                        . = ALIGN (0x4)

.fini_array     0x08000528        0x4
                0x08000528                        . = ALIGN (0x4)
                [!provide]                        PROVIDE (__fini_array_start = .)
 *(SORT_BY_NAME(.fini_array.*))
 *(.fini_array*)
 .fini_array    0x08000528        0x4 C:/Download or School/School/UNI_SEM_4/STM32CubeIDE_1.18.0/STM32CubeIDE/plugins/com.st.stm32cube.ide.mcu.externaltools.gnu-tools-for-stm32.13.3.rel1.win32_1.0.0.202411081344/tools/bin/../lib/gcc/arm-none-eabi/13.3.1/thumb/v7e-m+fp/hard/crtbegin.o
                [!provide]                        PROVIDE (__fini_array_end = .)
                0x0800052c                        . = ALIGN (0x4)
                0x0800052c                        _sidata = LOADADDR (.data)

.rel.dyn        0x0800052c        0x0
 .rel.iplt      0x0800052c        0x0 C:/Download or School/School/UNI_SEM_4/STM32CubeIDE_1.18.0/STM32CubeIDE/plugins/com.st.stm32cube.ide.mcu.externaltools.gnu-tools-for-stm32.13.3.rel1.win32_1.0.0.202411081344/tools/bin/../lib/gcc/arm-none-eabi/13.3.1/thumb/v7e-m+fp/hard/crtbegin.o

.data           0x20000000       0x28 load address 0x0800052c
                0x20000000                        . = ALIGN (0x4)
                0x20000000                        _sdata = .
 *(.data)
 *(.data*)
 .data.USART1_PORT
                0x20000000       0x28 ./Src/serial.o
                0x20000000                USART1_PORT
 *(.RamFunc)
 *(.RamFunc*)
                0x20000028                        . = ALIGN (0x4)
                0x20000028                        _edata = .
                0x08000554                        _siccmram = LOADADDR (.ccmram)

.igot.plt       0x20000028        0x0 load address 0x08000554
 .igot.plt      0x20000028        0x0 C:/Download or School/School/UNI_SEM_4/STM32CubeIDE_1.18.0/STM32CubeIDE/plugins/com.st.stm32cube.ide.mcu.externaltools.gnu-tools-for-stm32.13.3.rel1.win32_1.0.0.202411081344/tools/bin/../lib/gcc/arm-none-eabi/13.3.1/thumb/v7e-m+fp/hard/crtbegin.o

.ccmram         0x10000000        0x0 load address 0x08000554
                0x10000000                        . = ALIGN (0x4)
                0x10000000                        _sccmram = .
 *(.ccmram)
 *(.ccmram*)
                0x10000000                        . = ALIGN (0x4)
                0x10000000                        _eccmram = .
                0x10000000                        . = ALIGN (0x4)

.bss            0x20000028       0x80
                0x20000028                        _sbss = .
                0x20000028                        __bss_start__ = _sbss
 *(.bss)
 .bss           0x20000028       0x1c C:/Download or School/School/UNI_SEM_4/STM32CubeIDE_1.18.0/STM32CubeIDE/plugins/com.st.stm32cube.ide.mcu.externaltools.gnu-tools-for-stm32.13.3.rel1.win32_1.0.0.202411081344/tools/bin/../lib/gcc/arm-none-eabi/13.3.1/thumb/v7e-m+fp/hard/crtbegin.o
 *(.bss*)
 .bss.received_buffer
                0x20000044       0x64 ./Src/main.o
                0x20000044                received_buffer
 *(COMMON)
                0x200000a8                        . = ALIGN (0x4)
                0x200000a8                        _ebss = .
                0x200000a8                        __bss_end__ = _ebss

._user_heap_stack
                0x200000a8      0x600
                0x200000a8                        . = ALIGN (0x8)
                [!provide]                        PROVIDE (end = .)
                0x200000a8                        PROVIDE (_end = .)
                0x200002a8                        . = (. + _Min_Heap_Size)
 *fill*         0x200000a8      0x200 
                0x200006a8                        . = (. + _Min_Stack_Size)
 *fill*         0x200002a8      0x400 
                0x200006a8                        . = ALIGN (0x8)

/DISCARD/
 libc.a(*)
 libm.a(*)
 libgcc.a(*)

.ARM.attributes
                0x00000000       0x30
 *(.ARM.attributes)
 .ARM.attributes
                0x00000000       0x22 C:/Download or School/School/UNI_SEM_4/STM32CubeIDE_1.18.0/STM32CubeIDE/plugins/com.st.stm32cube.ide.mcu.externaltools.gnu-tools-for-stm32.13.3.rel1.win32_1.0.0.202411081344/tools/bin/../lib/gcc/arm-none-eabi/13.3.1/thumb/v7e-m+fp/hard/crti.o
 .ARM.attributes
                0x00000022       0x34 C:/Download or School/School/UNI_SEM_4/STM32CubeIDE_1.18.0/STM32CubeIDE/plugins/com.st.stm32cube.ide.mcu.externaltools.gnu-tools-for-stm32.13.3.rel1.win32_1.0.0.202411081344/tools/bin/../lib/gcc/arm-none-eabi/13.3.1/thumb/v7e-m+fp/hard/crtbegin.o
 .ARM.attributes
                0x00000056       0x34 ./Src/main.o
 .ARM.attributes
                0x0000008a       0x34 ./Src/serial.o
 .ARM.attributes
                0x000000be       0x21 ./Startup/startup_stm32f303vctx.o
 .ARM.attributes
                0x000000df       0x34 C:/Download or School/School/UNI_SEM_4/STM32CubeIDE_1.18.0/STM32CubeIDE/plugins/com.st.stm32cube.ide.mcu.externaltools.gnu-tools-for-stm32.13.3.rel1.win32_1.0.0.202411081344/tools/bin/../lib/gcc/arm-none-eabi/13.3.1/../../../../arm-none-eabi/lib/thumb/v7e-m+fp/hard\libc_nano.a(libc_a-init.o)
 .ARM.attributes
                0x00000113       0x22 C:/Download or School/School/UNI_SEM_4/STM32CubeIDE_1.18.0/STM32CubeIDE/plugins/com.st.stm32cube.ide.mcu.externaltools.gnu-tools-for-stm32.13.3.rel1.win32_1.0.0.202411081344/tools/bin/../lib/gcc/arm-none-eabi/13.3.1/thumb/v7e-m+fp/hard/crtn.o
OUTPUT(Digital_IO_Ex2.elf elf32-littlearm)
LOAD linker stubs
LOAD C:/Download or School/School/UNI_SEM_4/STM32CubeIDE_1.18.0/STM32CubeIDE/plugins/com.st.stm32cube.ide.mcu.externaltools.gnu-tools-for-stm32.13.3.rel1.win32_1.0.0.202411081344/tools/bin/../lib/gcc/arm-none-eabi/13.3.1/../../../../arm-none-eabi/lib/thumb/v7e-m+fp/hard\libc.a
LOAD C:/Download or School/School/UNI_SEM_4/STM32CubeIDE_1.18.0/STM32CubeIDE/plugins/com.st.stm32cube.ide.mcu.externaltools.gnu-tools-for-stm32.13.3.rel1.win32_1.0.0.202411081344/tools/bin/../lib/gcc/arm-none-eabi/13.3.1/../../../../arm-none-eabi/lib/thumb/v7e-m+fp/hard\libm.a
LOAD C:/Download or School/School/UNI_SEM_4/STM32CubeIDE_1.18.0/STM32CubeIDE/plugins/com.st.stm32cube.ide.mcu.externaltools.gnu-tools-for-stm32.13.3.rel1.win32_1.0.0.202411081344/tools/bin/../lib/gcc/arm-none-eabi/13.3.1/thumb/v7e-m+fp/hard\libgcc.a

.debug_info     0x00000000      0x75e
 .debug_info    0x00000000      0x211 ./Src/main.o
 .debug_info    0x00000211      0x51d ./Src/serial.o
 .debug_info    0x0000072e       0x30 ./Startup/startup_stm32f303vctx.o

.debug_abbrev   0x00000000      0x335
 .debug_abbrev  0x00000000      0x170 ./Src/main.o
 .debug_abbrev  0x00000170      0x1a1 ./Src/serial.o
 .debug_abbrev  0x00000311       0x24 ./Startup/startup_stm32f303vctx.o

.debug_aranges  0x00000000       0x90
 .debug_aranges
                0x00000000       0x28 ./Src/main.o
 .debug_aranges
                0x00000028       0x40 ./Src/serial.o
 .debug_aranges
                0x00000068       0x28 ./Startup/startup_stm32f303vctx.o

.debug_rnglists
                0x00000000       0x5e
 .debug_rnglists
                0x00000000       0x19 ./Src/main.o
 .debug_rnglists
                0x00000019       0x2c ./Src/serial.o
 .debug_rnglists
                0x00000045       0x19 ./Startup/startup_stm32f303vctx.o

.debug_macro    0x00000000    0x15a16
 .debug_macro   0x00000000      0x1ce ./Src/main.o
 .debug_macro   0x000001ce      0xae4 ./Src/main.o
 .debug_macro   0x00000cb2       0x22 ./Src/main.o
 .debug_macro   0x00000cd4       0x8e ./Src/main.o
 .debug_macro   0x00000d62       0x51 ./Src/main.o
 .debug_macro   0x00000db3      0x103 ./Src/main.o
 .debug_macro   0x00000eb6       0x6a ./Src/main.o
 .debug_macro   0x00000f20      0x1df ./Src/main.o
 .debug_macro   0x000010ff       0x2a ./Src/main.o
 .debug_macro   0x00001129       0x61 ./Src/main.o
 .debug_macro   0x0000118a       0x43 ./Src/main.o
 .debug_macro   0x000011cd       0x34 ./Src/main.o
 .debug_macro   0x00001201       0x16 ./Src/main.o
 .debug_macro   0x00001217      0x11c ./Src/main.o
 .debug_macro   0x00001333       0x9b ./Src/main.o
 .debug_macro   0x000013ce      0x370 ./Src/main.o
 .debug_macro   0x0000173e       0x16 ./Src/main.o
 .debug_macro   0x00001754       0x4a ./Src/main.o
 .debug_macro   0x0000179e       0x34 ./Src/main.o
 .debug_macro   0x000017d2       0x10 ./Src/main.o
 .debug_macro   0x000017e2       0x58 ./Src/main.o
 .debug_macro   0x0000183a       0x8e ./Src/main.o
 .debug_macro   0x000018c8       0x1c ./Src/main.o
 .debug_macro   0x000018e4      0x185 ./Src/main.o
 .debug_macro   0x00001a69       0x16 ./Src/main.o
 .debug_macro   0x00001a7f       0x29 ./Src/main.o
 .debug_macro   0x00001aa8       0x1c ./Src/main.o
 .debug_macro   0x00001ac4       0x3c ./Src/main.o
 .debug_macro   0x00001b00       0x10 ./Src/main.o
 .debug_macro   0x00001b10       0x1c ./Src/main.o
 .debug_macro   0x00001b2c       0x16 ./Src/main.o
 .debug_macro   0x00001b42      0x146 ./Src/main.o
 .debug_macro   0x00001c88       0x28 ./Src/main.o
 .debug_macro   0x00001cb0       0x1c ./Src/main.o
 .debug_macro   0x00001ccc       0x22 ./Src/main.o
 .debug_macro   0x00001cee       0xd9 ./Src/main.o
 .debug_macro   0x00001dc7     0x102d ./Src/main.o
 .debug_macro   0x00002df4      0x11f ./Src/main.o
 .debug_macro   0x00002f13    0x12a3a ./Src/main.o
 .debug_macro   0x0001594d       0xc9 ./Src/serial.o

.debug_line     0x00000000      0xccb
 .debug_line    0x00000000      0x65e ./Src/main.o
 .debug_line    0x0000065e      0x5f2 ./Src/serial.o
 .debug_line    0x00000c50       0x7b ./Startup/startup_stm32f303vctx.o

.debug_str      0x00000000    0x75fc6
 .debug_str     0x00000000    0x75fc6 ./Src/main.o
                              0x75fc9 (size before relaxing)
 .debug_str     0x00075fc6    0x7254d ./Src/serial.o
 .debug_str     0x00075fc6       0x78 ./Startup/startup_stm32f303vctx.o

.comment        0x00000000       0x43
 .comment       0x00000000       0x43 ./Src/main.o
                                 0x44 (size before relaxing)
 .comment       0x00000043       0x44 ./Src/serial.o

.debug_frame    0x00000000      0x154
 .debug_frame   0x00000000       0x58 ./Src/main.o
 .debug_frame   0x00000058       0xd0 ./Src/serial.o
 .debug_frame   0x00000128       0x2c C:/Download or School/School/UNI_SEM_4/STM32CubeIDE_1.18.0/STM32CubeIDE/plugins/com.st.stm32cube.ide.mcu.externaltools.gnu-tools-for-stm32.13.3.rel1.win32_1.0.0.202411081344/tools/bin/../lib/gcc/arm-none-eabi/13.3.1/../../../../arm-none-eabi/lib/thumb/v7e-m+fp/hard\libc_nano.a(libc_a-init.o)

.debug_line_str
                0x00000000       0x5c
 .debug_line_str
                0x00000000       0x5c ./Startup/startup_stm32f303vctx.o
